2025-05-22T19:00:12.462-03:00  INFO 27072 --- [libraryapi] [main] .s.d.r.c.RepositoryConfigurationDelegate : Bootstrapping Spring Data JPA repositories in DEFAULT mode.
2025-05-22T19:00:12.630-03:00  INFO 27072 --- [libraryapi] [main] .s.d.r.c.RepositoryConfigurationDelegate : Finished Spring Data repository scanning in 131 ms. Found 2 JPA repository interfaces.
2025-05-22T19:00:17.312-03:00  INFO 27072 --- [libraryapi] [main] o.s.b.w.embedded.tomcat.TomcatWebServer  : Tomcat initialized with port 8080 (http)
2025-05-22T19:00:17.356-03:00  INFO 27072 --- [libraryapi] [main] o.apache.catalina.core.StandardService   : Starting service [Tomcat]
2025-05-22T19:00:17.359-03:00  INFO 27072 --- [libraryapi] [main] o.apache.catalina.core.StandardEngine    : Starting Servlet engine: [Apache Tomcat/10.1.40]
2025-05-22T19:00:17.538-03:00  INFO 27072 --- [libraryapi] [main] o.a.c.c.C.[Tomcat].[localhost].[/]       : Initializing Spring embedded WebApplicationContext
2025-05-22T19:00:17.540-03:00  INFO 27072 --- [libraryapi] [main] w.s.c.ServletWebServerApplicationContext : Root WebApplicationContext: initialization completed in 9417 ms
2025-05-22T19:00:18.151-03:00  WARN 27072 --- [libraryapi] [main] com.zaxxer.hikari.HikariConfig           : Library-db-pool - idleTimeout is close to or more than maxLifetime, disabling it.
2025-05-22T19:00:18.173-03:00  INFO 27072 --- [libraryapi] [main] com.zaxxer.hikari.HikariDataSource       : Library-db-pool - Starting...
2025-05-22T19:00:20.383-03:00  INFO 27072 --- [libraryapi] [main] com.zaxxer.hikari.pool.HikariPool        : Library-db-pool - Added connection org.postgresql.jdbc.PgConnection@5ab5924c
2025-05-22T19:00:20.386-03:00  INFO 27072 --- [libraryapi] [main] com.zaxxer.hikari.HikariDataSource       : Library-db-pool - Start completed.
2025-05-22T19:00:20.564-03:00  INFO 27072 --- [libraryapi] [main] o.hibernate.jpa.internal.util.LogHelper  : HHH000204: Processing PersistenceUnitInfo [name: default]
2025-05-22T19:00:20.713-03:00  INFO 27072 --- [libraryapi] [main] org.hibernate.Version                    : HHH000412: Hibernate ORM core version 6.6.13.Final
2025-05-22T19:00:20.885-03:00  INFO 27072 --- [libraryapi] [main] o.h.c.internal.RegionFactoryInitiator    : HHH000026: Second-level cache disabled
2025-05-22T19:00:22.922-03:00  INFO 27072 --- [libraryapi] [main] o.s.o.j.p.SpringPersistenceUnitInfo      : No LoadTimeWeaver setup: ignoring JPA class transformer
2025-05-22T19:00:23.989-03:00  INFO 27072 --- [libraryapi] [main] org.hibernate.orm.connections.pooling    : HHH10001005: Database info:
	Database JDBC URL [Connecting through datasource 'HikariDataSource (Library-db-pool)']
	Database driver: undefined/unknown
	Database version: 16.3
	Autocommit mode: undefined/unknown
	Isolation level: undefined/unknown
	Minimum pool size: undefined/unknown
	Maximum pool size: undefined/unknown
2025-05-22T19:00:29.277-03:00  INFO 27072 --- [libraryapi] [main] o.h.e.t.j.p.i.JtaPlatformInitiator       : HHH000489: No JTA platform available (set 'hibernate.transaction.jta.platform' to enable JTA platform integration)
2025-05-22T19:00:29.784-03:00  INFO 27072 --- [libraryapi] [main] j.LocalContainerEntityManagerFactoryBean : Initialized JPA EntityManagerFactory for persistence unit 'default'
2025-05-22T19:00:31.411-03:00  INFO 27072 --- [libraryapi] [main] o.s.d.j.r.query.QueryEnhancerFactory     : Hibernate is in classpath; If applicable, HQL parser will be used.
2025-05-22T19:00:34.089-03:00  WARN 27072 --- [libraryapi] [main] JpaBaseConfiguration$JpaWebConfiguration : spring.jpa.open-in-view is enabled by default. Therefore, database queries may be performed during view rendering. Explicitly configure spring.jpa.open-in-view to disable this warning
2025-05-22T19:00:37.211-03:00  INFO 27072 --- [libraryapi] [main] o.s.b.a.e.web.EndpointLinksResolver      : Exposing 1 endpoint beneath base path '/actuator'
2025-05-22T19:00:37.514-03:00  INFO 27072 --- [libraryapi] [main] o.s.b.w.embedded.tomcat.TomcatWebServer  : Tomcat started on port 8080 (http) with context path '/'
2025-05-22T19:01:12.065-03:00  INFO 27072 --- [libraryapi] [http-nio-8080-exec-4] o.a.c.c.C.[Tomcat].[localhost].[/]       : Initializing Spring DispatcherServlet 'dispatcherServlet'
